Simulating 30 seasons from 2026...

Yr    Champion  Rec    MVP                     Pos  Cap     Ret  Act   MeanOvr
2026  DET       15-2   Sable Kilgore           QB   $   302M  296  1696    73.7
2027  ATL       14-3   Gavin Wamsley           QB   $   321M  520  1680    74.4
2028  ATL       15-2   Gavin Wamsley           QB   $   341M  455  1678    74.6
2029  IND       14-3   Torin Doughty           RB   $   362M  444  1682    74.6
2030  DEN       14-3   Hamza Urlacher          QB   $   384M  344  1681    74.6
2031  DEN       15-2   Rafferty Sunderland     QB   $   408M  332  1679    74.6
2032  IND       14-3   Hamza Urlacher          QB   $   433M  303  1683    74.5
2033  IND       16-1   Rafferty Sunderland     QB   $   460M  292  1681    74.3
2034  GB        14-3   Giovanni Sagapolutele   QB   $   489M  289  1673    74.0
2035  CIN       16-1   Rafferty Sunderland     QB   $   519M  270  1674    74.0
2036  SF        16-1   Fritz Wilkerson         QB   $   551M  253  1672    73.6
2037  SF        15-2   Quill Tabaracci         QB   $   585M  240  1682    73.5
2038  SF        15-2   Nolan Donnelly          QB   $   622M  250  1670    73.6
2039  IND       15-2   Nolan Donnelly          QB   $   660M  288  1662    73.5
2040  DEN       15-2   Jordy Ledbetter         QB   $   701M  245  1662    73.4
2041  DEN       15-2   Orion Jernigan          QB   $   745M  243  1664    73.5
2042  DEN       15-2   Arch Tavai              QB   $   791M  235  1657    73.6
2043  CLE       14-3   Arch Tavai              QB   $   840M  262  1651    73.5
